// Jest Snapshot v1, https://goo.gl/fbAQLP

exports[`App renders correctly 1`] = `
<App
  title="Welcome to the Drone Manager"
>
  <Connect(Homepage) />
</App>
`;
